C:\Users\clobaco\Google Drive\2016\NetbeansProyects\coffe template\cafe.web\src\main\java\sawbonadev\cafe\web\api\users\UserDto.java
C:\Users\clobaco\Google Drive\2016\NetbeansProyects\coffe template\cafe.web\src\main\java\sawbonadev\cafe\web\controllers\UserController.java
C:\Users\clobaco\Google Drive\2016\NetbeansProyects\coffe template\cafe.web\src\main\java\sawbonadev\cafe\web\views\CreateAccountView.java
C:\Users\clobaco\Google Drive\2016\NetbeansProyects\coffe template\cafe.web\src\main\java\sawbonadev\cafe\web\api\users\GetUsersResponse.java
C:\Users\clobaco\Google Drive\2016\NetbeansProyects\coffe template\cafe.web\src\main\java\sawbonadev\cafe\web\logic\UsersLogic.java
C:\Users\clobaco\Google Drive\2016\NetbeansProyects\coffe template\cafe.web\src\main\java\sawbonadev\cafe\web\api\users\DeleteUserResponse.java
C:\Users\clobaco\Google Drive\2016\NetbeansProyects\coffe template\cafe.web\src\main\java\sawbonadev\cafe\web\controllers\AccountController.java
C:\Users\clobaco\Google Drive\2016\NetbeansProyects\coffe template\cafe.web\src\main\java\sawbonadev\cafe\web\logic\EmailLogic.java
C:\Users\clobaco\Google Drive\2016\NetbeansProyects\coffe template\cafe.web\src\main\java\sawbonadev\cafe\web\api\users\UsersApi.java
